Read-only independent F1B portable audit, Linux.
Command: ['/workspace/scratch/c8272833f682/remediation-tools/rustup/toolchains/1.99.0-x86_64-unknown-linux-gnu/bin/cargo', 'test', '--locked', '--offline', '--target', 'x86_64-unknown-linux-gnu', '-p', 'threadspace-journal', '--test', 'observer_ownership', 'f1b_', '--', '--nocapture']
   Compiling proc-macro2 v1.0.107
   Compiling typenum v1.20.1
   Compiling quote v1.0.47
   Compiling serde_core v1.0.229
   Compiling zmij v1.0.23
   Compiling serde_json v1.0.151
   Compiling libc v0.2.190
   Compiling shlex v2.0.1
   Compiling thiserror v2.0.21
   Compiling itoa v1.0.18
   Compiling find-msvc-tools v0.1.14
   Compiling serde v1.0.229
   Compiling memchr v2.8.3
   Compiling ref-cast v1.0.27
   Compiling getrandom v0.4.3
   Compiling cfg-if v1.0.5
   Compiling cc v1.6.0
   Compiling termcolor v1.4.1
   Compiling syn v3.0.6
   Compiling syn v2.0.119
   Compiling vcpkg v0.2.15
   Compiling pkg-config v0.3.34
   Compiling dyn-clone v1.0.20
   Compiling foldhash v0.2.0
   Compiling const-oid v0.10.2
   Compiling hybrid-array v0.4.15
   Compiling hashbrown v0.17.1
   Compiling crypto-common v0.2.2
   Compiling block-buffer v0.12.1
   Compiling cpufeatures v0.3.1
   Compiling fallible-streaming-iterator v0.1.9
   Compiling fallible-iterator v0.3.0
   Compiling bitflags v2.13.2
   Compiling hashlink v0.12.2
   Compiling smallvec v1.16.2
   Compiling uuid v1.27.0
   Compiling serde_derive_internals v0.30.0
   Compiling digest v0.11.3
   Compiling sha2 v0.11.0
   Compiling libsqlite3-sys v0.38.2 (/workspace/scratch/c8272833f682/Threadspace-review/third_party/libsqlite3-sys)
   Compiling serde_derive v1.0.229
   Compiling ref-cast-impl v1.0.27
   Compiling thiserror-impl v2.0.21
   Compiling schemars_derive v1.2.2
   Compiling ts-rs-macros v12.0.1
   Compiling ts-rs v12.0.1
   Compiling schemars v1.2.2
   Compiling threadspace-contracts v0.1.0 (/workspace/scratch/c8272833f682/Threadspace-review/crates/contracts)
   Compiling rusqlite v0.40.2
   Compiling threadspace-state-engine v0.1.0 (/workspace/scratch/c8272833f682/Threadspace-review/crates/state-engine)
   Compiling threadspace-journal v0.1.0 (/workspace/scratch/c8272833f682/Threadspace-review/crates/journal)
    Finished `test` profile [unoptimized + debuginfo] target(s) in 44.06s
     Running tests/observer_ownership.rs (/workspace/scratch/c8272833f682/review-checks/f1b-independent-target/x86_64-unknown-linux-gnu/debug/deps/observer_ownership-facced9b4b9a46a8)

running 9 tests
test f1b_upgrade_refuses_missing_canonical_outcome_evidence ... ok

thread 'f1b_genuine_reducer3_upgrade_preserves_owner_receipts_and_converges_at_three_checkpoints' (1444) panicked at crates/journal/tests/observer_ownership.rs:450:9:
assertion `left == right` failed: genesis independent of checkpoint 11
  left: "7174a6f951c0f31fa24d99f5e07a12bbec984b161faa44162b16cbf187d2888c"
 right: "5d1457917ddba0e7951b3e514b69eebf72250a7dd783ad0729cd17552978d37d"
note: run with `RUST_BACKTRACE=1` environment variable to display a backtrace
test f1b_genuine_reducer3_upgrade_preserves_owner_receipts_and_converges_at_three_checkpoints ... FAILED
test f1b_a_token_in_an_intercepted_return_without_native_evidence_stays_pending ... ok
test f1b_semantic_oracle_distinguishes_authority_bearing_evidence ... ok
test f1b_qualified_native_identity_does_not_borrow_host_read_authority ... ok
test f1b_stale_a_p_attachment_cannot_restore_when_the_process_now_owns_b ... ok
test f1b_a_b_a_fresh_interval_never_revives_preseal_or_original_generation_outcomes ... ok
test f1b_wrong_incarnation_executable_epoch_generation_and_token_are_not_proofs ... ok
test f1b_unchanged_id_new_turn_proof_seal_start_and_outcome_converge_in_every_delivery_order ... ok

failures:

failures:
    f1b_genuine_reducer3_upgrade_preserves_owner_receipts_and_converges_at_three_checkpoints

test result: FAILED. 8 passed; 1 failed; 0 ignored; 0 measured; 24 filtered out; finished in 2.08s

error: test failed, to rerun pass `-p threadspace-journal --test observer_ownership`
