==> Rust core (release, qualification)
    Finished `release` profile [optimized] target(s) in 0.19s
==> Swift AppKit shell
==> Bundle
==> Sign (hardened runtime, companion entitlements)
~/Documents/Tools/Threadspace/apps/agent-macos/build/prod/ThreadspaceAgent.app: replacing existing signature
~/Documents/Tools/Threadspace/apps/agent-macos/build/prod/ThreadspaceAgent.app: valid on disk
~/Documents/Tools/Threadspace/apps/agent-macos/build/prod/ThreadspaceAgent.app: satisfies its Designated Requirement
==> ~/Documents/Tools/Threadspace/apps/agent-macos/build/prod/ThreadspaceAgent.app
==> Threadspace (prod) Tauri bundle
npm notice run npx
npm notice run 'tauri' build --target aarch64-apple-darwin --bundles app --features qualification
        Info `tauri-build` dependency has workspace inheritance enabled. The features array won't be automatically rewritten. Expected features: []
        Info `tauri` dependency has workspace inheritance enabled. The features array won't be automatically rewritten. Expected features: []
        Info Looking up installed tauri packages to check mismatched versions...
     Running beforeBuildCommand `npm run build`
npm notice run @threadspace/desktop@0.1.0 build
npm notice run tsc --noEmit -p . && vite build
vite v8.3.3 building client environment for production...
transforming...
✓ 36 modules transformed.
rendering chunks...
computing gzip size...
dist/index.html                     0.39 kB │ gzip:   0.26 kB
dist/assets/index-BagjScJf.css      4.46 kB │ gzip:   1.62 kB
dist/assets/index-BYLKRPDP.js   1,150.77 kB │ gzip: 323.99 kB

✓ built in 239ms
   Compiling threadspace-desktop v0.1.0 (~/Documents/Tools/Threadspace/apps/desktop/src-tauri)
    Finished `release` profile [optimized] target(s) in 11.50s
       Built application at: ~/Documents/Tools/Threadspace/target/aarch64-apple-darwin/release/Threadspace
    Bundling Threadspace.app (~/Documents/Tools/Threadspace/target/aarch64-apple-darwin/release/bundle/macos/Threadspace.app)
     Signing with identity "BF0C3BD87875380E053876EA170575E50AACE8DD"
Signing with identity "BF0C3BD87875380E053876EA170575E50AACE8DD"
Signing ~/Documents/Tools/Threadspace/target/aarch64-apple-darwin/release/bundle/macos/Threadspace.app/Contents/MacOS/Threadspace
~/Documents/Tools/Threadspace/target/aarch64-apple-darwin/release/bundle/macos/Threadspace.app/Contents/MacOS/Threadspace: replacing existing signature
Signing with identity "BF0C3BD87875380E053876EA170575E50AACE8DD"
Signing ~/Documents/Tools/Threadspace/target/aarch64-apple-darwin/release/bundle/macos/Threadspace.app
~/Documents/Tools/Threadspace/target/aarch64-apple-darwin/release/bundle/macos/Threadspace.app: replacing existing signature
        Warn skipping app notarization, no APPLE_ID & APPLE_PASSWORD & APPLE_TEAM_ID or APPLE_API_KEY & APPLE_API_ISSUER & APPLE_API_KEY_PATH environment variables found
    Finished 1 bundle at:
        ~/Documents/Tools/Threadspace/target/aarch64-apple-darwin/release/bundle/macos/Threadspace.app (18.48 MiB)

==> Verify nested companion, then outer application
~/Documents/Tools/Threadspace/target/aarch64-apple-darwin/release/bundle/macos/Threadspace.app/Contents/Library/LoginItems/ThreadspaceAgent.app: valid on disk
~/Documents/Tools/Threadspace/target/aarch64-apple-darwin/release/bundle/macos/Threadspace.app/Contents/Library/LoginItems/ThreadspaceAgent.app: satisfies its Designated Requirement
--prepared:~/Documents/Tools/Threadspace/target/aarch64-apple-darwin/release/bundle/macos/Threadspace.app/Contents/Library/LoginItems/ThreadspaceAgent.app
--validated:~/Documents/Tools/Threadspace/target/aarch64-apple-darwin/release/bundle/macos/Threadspace.app/Contents/Library/LoginItems/ThreadspaceAgent.app
~/Documents/Tools/Threadspace/target/aarch64-apple-darwin/release/bundle/macos/Threadspace.app: valid on disk
~/Documents/Tools/Threadspace/target/aarch64-apple-darwin/release/bundle/macos/Threadspace.app: satisfies its Designated Requirement
--prepared:~/Documents/Tools/Threadspace/target/aarch64-apple-darwin/release/bundle/macos/Threadspace.app/Contents/Library/LoginItems/ThreadspaceAgent.app
--validated:~/Documents/Tools/Threadspace/target/aarch64-apple-darwin/release/bundle/macos/Threadspace.app/Contents/Library/LoginItems/ThreadspaceAgent.app
~/Documents/Tools/Threadspace/target/aarch64-apple-darwin/release/bundle/macos/Threadspace.app: valid on disk
~/Documents/Tools/Threadspace/target/aarch64-apple-darwin/release/bundle/macos/Threadspace.app: satisfies its Designated Requirement
==> ~/Documents/Tools/Threadspace/target/aarch64-apple-darwin/release/bundle/macos/Threadspace.app
