   Compiling threadspace-contracts v0.1.0 (/workspace/scratch/c8272833f682/Threadspace-review/crates/contracts)
   Compiling libsqlite3-sys v0.38.2 (/workspace/scratch/c8272833f682/Threadspace-review/third_party/libsqlite3-sys)
   Compiling rusqlite v0.40.2
   Compiling threadspace-state-engine v0.1.0 (/workspace/scratch/c8272833f682/Threadspace-review/crates/state-engine)
   Compiling threadspace-journal v0.1.0 (/workspace/scratch/c8272833f682/Threadspace-review/crates/journal)
    Finished `test` profile [unoptimized + debuginfo] target(s) in 29.97s
     Running unittests src/lib.rs (/workspace/scratch/c8272833f682/review-build-reducer-portable/x86_64-unknown-linux-gnu/debug/deps/threadspace_contracts-b353e6ad6559bf6c)

running 181 tests
test canonical::causal::export_bindings_causalpoint ... ok
test canonical::capture::export_bindings_recordreceipt ... ok
test canonical::causal::export_bindings_causalorder ... ok
test canonical::command::export_bindings_owneraction ... ok
test canonical::envelope::export_bindings_clockquality ... ok
test canonical::capture::export_bindings_recordstatus ... ok
test canonical::envelope::export_bindings_captureclock ... ok
test canonical::envelope::export_bindings_processsample ... ok
test canonical::envelope::export_bindings_sequencemeaning ... ok
test canonical::capture::export_bindings_modbatchreceipt ... ok
test canonical::fact::export_bindings_acceptanceproof ... ok
test canonical::fact::export_bindings_actorrelationkind ... ok
test canonical::fact::export_bindings_activityresult ... ok
test canonical::envelope::export_bindings_processrole ... ok
test canonical::command::export_bindings_ownercommand ... ok
test canonical::capture::export_bindings_capturerefusal ... ok
test canonical::fact::export_bindings_actorrole ... ok
test canonical::capture::export_bindings_capturereply ... ok
test canonical::fact::export_bindings_bindingmethod ... ok
test canonical::fact::export_bindings_canonicalfactkind ... ok
test canonical::fact::export_bindings_executionmode ... ok
test canonical::fact::export_bindings_attachedpresence ... ok
test canonical::fact::export_bindings_canonicalrefs ... ok
test canonical::fact::export_bindings_inputorigin ... ok
test canonical::fact::export_bindings_bindingproof ... ok
test canonical::fact::export_bindings_evidenceclass ... ok
test canonical::fact::export_bindings_delivery ... ok
test canonical::fact::export_bindings_observerownership ... ok
test canonical::envelope::export_bindings_observationenvelope ... ok
test canonical::capture::export_bindings_capturebatch ... ok
test canonical::fact::export_bindings_snapshotinterval ... ok
test canonical::fact::export_bindings_turnoutcome ... ok
test canonical::fact::export_bindings_sessionrecordstate ... ok
test canonical::fact::export_bindings_snapshotrow ... ok
test canonical::fact::export_bindings_waitcategory ... ok
test canonical::keys::export_bindings_nativeexecutionref ... ok
test canonical::keys::export_bindings_nativeactorref ... ok
test canonical::keys::export_bindings_nativesurfaceref ... ok
test canonical::records::export_bindings_activityrecord ... ok
test canonical::fact::export_bindings_waitsignal ... ok
test canonical::fact::export_bindings_nativerefs ... ok
test canonical::records::export_bindings_attachobservation ... ok
test canonical::keys::export_bindings_nativesessionref ... ok
test canonical::records::export_bindings_attentionrecord ... ok
test canonical::records::export_bindings_actorrecord ... ok
test canonical::records::export_bindings_actorrelationrecord ... ok
test canonical::records::export_bindings_attentionscope ... ok
test canonical::fact::export_bindings_factpayload ... ok
test canonical::records::export_bindings_commandeffect ... ok
test canonical::records::export_bindings_humanfrontier ... ok
test canonical::records::export_bindings_exactrequestrecord ... ok
test canonical::records::export_bindings_inputrecord ... ok
test canonical::records::export_bindings_inputsubmission ... ok
test canonical::records::export_bindings_executionrecord ... ok
test canonical::records::export_bindings_linkobservation ... ok
test canonical::fact::export_bindings_nativefactdraft ... ok
test canonical::fact::export_bindings_resolvedfact ... ok
test canonical::records::export_bindings_outboxrecord ... ok
test canonical::records::export_bindings_outboxstate ... ok
test canonical::records::export_bindings_namespacerecord ... ok
test canonical::records::export_bindings_observertier ... ok
test canonical::records::export_bindings_inventoryobservation ... ok
test canonical::records::export_bindings_owneractionkind ... ok
test canonical::fact::export_bindings_journalentry ... ok
test canonical::records::export_bindings_resolutionkind ... ok
test canonical::records::export_bindings_routerecord ... ok
test canonical::records::export_bindings_sequencerange ... ok
test canonical::records::export_bindings_processimage ... ok
test canonical::records::export_bindings_resolutioncause ... ok
test canonical::records::export_bindings_pendingoutcome ... ok
test canonical::records::export_bindings_processrecord ... ok
test canonical::records::export_bindings_summaryauthority ... ok
test canonical::records::export_bindings_sourcecoverage ... ok
test canonical::records::export_bindings_sourcesurfacerecord ... ok
test canonical::records::export_bindings_ownershipstart ... ok
test canonical::records::export_bindings_turnidentitykind ... ok
test canonical::records::export_bindings_waitepisode ... ok
test canonical::records::export_bindings_surfacebindingrecord ... ok
test canonical::records::export_bindings_turnrecord ... ok
test control::tests::request_round_trip ... ok
test control::tests::unknown_request_kinds_are_rejected ... ok
test cursor::tests::accepts_canonical_values ... ok
test canonical::records::export_bindings_ownershipproof ... ok
test canonical::records::export_bindings_waitownerdecision ... ok
test cursor::tests::rejects_noncanonical_and_out_of_range_values ... ok
test canonical::records::export_bindings_sessionrecord ... ok
test diagnostics::export_bindings_accessibilitypreferences ... ok
test cursor::tests::numeric_not_lexical_order ... ok
test diagnostics::export_bindings_automationpermission ... ok
test canonical::records::export_bindings_waitscoperecord ... ok
test diagnostics::export_bindings_notificationsettings ... ok
test diagnostics::export_bindings_powerhistory ... ok
test diagnostics::export_bindings_desktopdiagnostics ... ok
test diagnostics::export_bindings_processidentity ... ok
test diagnostics::export_bindings_servicestatus ... ok
test diagnostics::export_bindings_sqlitediagnostics ... ok
test diagnostics::export_bindings_launchprovenance ... ok
test diagnostics::export_bindings_terminaldictionary ... ok
test diagnostics::export_bindings_terminalintegration ... ok
test diagnostics::export_bindings_servicereport ... ok
test diagnostics::export_bindings_terminalinventorysummary ... ok
test projection::export_bindings_attentioncategory ... ok
test diagnostics::export_bindings_companionintegration ... ok
test projection::export_bindings_attentioncounts ... ok
test projection::export_bindings_bindingview ... ok
test projection::export_bindings_entityref ... ok
test projection::export_bindings_entitykind ... ok
test projection::export_bindings_attentionview ... ok
test diagnostics::export_bindings_companiondiagnostics ... ok
test projection::export_bindings_executionpresence ... ok
test frames::tests::escape_heavy_json_counts_escaped_bytes ... ok
test projection::export_bindings_notificationstate ... ok
test projection::export_bindings_observationstate ... ok
test projection::export_bindings_processview ... ok
test projection::export_bindings_intentsource ... ok
test projection::export_bindings_turnstate ... ok
test route::export_bindings_appgeneration ... ok
test route::export_bindings_bindingchoice ... ok
test route::export_bindings_focusevidence ... ok
test projection::export_bindings_intentaction ... ok
test route::export_bindings_discoverysummary ... ok
test route::export_bindings_frontmostapplication ... ok
test route::export_bindings_inputreadiness ... ok
test route::export_bindings_inventoryevidence ... ok
test route::export_bindings_phasetiming ... ok
test route::export_bindings_inventoryrowevidence ... ok
test projection::export_bindings_sessionview ... ok
test projection::export_bindings_fleetsnapshot ... ok
test projection::export_bindings_nativeintent ... ok
test route::export_bindings_processevidence ... ok
test route::export_bindings_provisionalcandidate ... ok
test route::export_bindings_routerequest ... ok
test route::export_bindings_processkey ... ok
test projection::export_bindings_projectionpatch ... ok
test route::export_bindings_sessionverification ... ok
test route::export_bindings_routesummary ... ok
test route::export_bindings_surfaceresult ... ok
test route::tests::axes_serialize_as_spec_names ... ok
test route::tests::route_request_rejects_unknown_fields ... ok
test route::export_bindings_sampleevidence ... ok
test route::export_bindings_terminaltabevidence ... ok
test ui::export_bindings_companionlink ... ok
test route::export_bindings_terminalevidence ... ok
test ui::export_bindings_connectionstatus ... ok
test ui::export_bindings_commandreceipt ... ok
test route::export_bindings_routeevidence ... ok
test ui::export_bindings_frameheader ... ok
test ui::export_bindings_receiptstatus ... ok
test ui::export_bindings_attentionpage ... ok
test canonical::records::export_bindings_canonicalstate ... ok
test ui::export_bindings_resourceholdop ... ok
test ui::export_bindings_integrationreport ... ok
test ui::export_bindings_fleetpage ... ok
test route::export_bindings_routeresult ... ok
test ui::export_bindings_uiackreply ... ok
test ui::export_bindings_streamlimits ... ok
test ui::export_bindings_diagnosticsreport ... ok
test ui::export_bindings_uiackrequest ... ok
test ui::export_bindings_uicallcontext ... ok
test ui::export_bindings_uidisconnectrequest ... ok
test ui::export_bindings_uiconnectrequest ... ok
test ui::export_bindings_uierrorcode ... ok
test ui::export_bindings_uiquery ... ok
test ui::export_bindings_uiconnectreply ... ok
test ui::export_bindings_uierror ... ok
test ui::export_bindings_windowstate ... ok
test ui::tests::acknowledge_attention_requires_its_field ... ok
test ui::export_bindings_uiactionrequest ... ok
test ui::tests::error_detail_is_bounded ... ok
test ui::export_bindings_uiqueryrequest ... ok
test ui::export_bindings_uiaction ... ok
test ui::tests::heartbeat_is_a_bare_tag ... ok
test ui::tests::payloadless_actions_reject_unexpected_payloads ... ok
test ui::tests::return_to_session_requires_its_session ... ok
test ui::tests::unknown_action_kind_is_malformed_but_later_actions_parse ... ok
test ui::tests::unknown_fields_are_malformed ... ok
test ui::export_bindings_uiframebody ... ok
test ui::export_bindings_uiactionresult ... ok
test ui::tests::uuid_validation_is_canonical ... ok
test ui::export_bindings_uiframe ... ok
test ui::export_bindings_uiqueryresult ... ok

test result: ok. 181 passed; 0 failed; 0 ignored; 0 measured; 0 filtered out; finished in 0.08s

     Running tests/canonical_compat.rs (/workspace/scratch/c8272833f682/review-build-reducer-portable/x86_64-unknown-linux-gnu/debug/deps/canonical_compat-cd7dbe41dbbc3aed)

running 2 tests
test an_earlier_binding_without_a_proof_point_loads ... ok
test an_earlier_wait_scope_without_owner_decisions_loads ... ok

test result: ok. 2 passed; 0 failed; 0 ignored; 0 measured; 0 filtered out; finished in 0.00s

     Running tests/schemas.rs (/workspace/scratch/c8272833f682/review-build-reducer-portable/x86_64-unknown-linux-gnu/debug/deps/schemas-26ee8832452a46f6)

running 3 tests
test unknown_fact_discriminators_do_not_deserialize ... ok
test every_schema_is_a_draft_2020_12_object_schema ... ok
test json_schemas_match_the_rust_contracts ... ok

test result: ok. 3 passed; 0 failed; 0 ignored; 0 measured; 0 filtered out; finished in 0.02s

     Running unittests src/lib.rs (/workspace/scratch/c8272833f682/review-build-reducer-portable/x86_64-unknown-linux-gnu/debug/deps/threadspace_journal-c3f3147aeecfdb01)

running 2 tests
test latency::tests::commit_bracket_is_monotonic_and_explicit ... ok
test canonical::tests::a_nullable_integer_reads_null_as_none ... ok

test result: ok. 2 passed; 0 failed; 0 ignored; 0 measured; 0 filtered out; finished in 0.00s

     Running tests/durability.rs (/workspace/scratch/c8272833f682/review-build-reducer-portable/x86_64-unknown-linux-gnu/debug/deps/durability-3ddf4a9b03b879c9)

running 11 tests
test crash::crash_child ... ok
test crash::crash_point_names_round_trip ... ok
test admission_commits_once_and_replays_the_original_cursor ... ok
test backup_store_into_reads_beside_an_open_writer ... ok
test admission_rejects_reused_ids_and_non_uuids_without_writing ... ok
test restore_refuses_a_lock_for_another_store ... ok
test checkpoint_truncate_empties_the_wal ... ok
test restore_installs_the_backup_and_preserves_the_original ... ok
test backup_into_publishes_a_verified_self_contained_snapshot ... ok
test crash::crash_points_kill_the_process_at_their_boundary ... ok
test restore_rejects_bad_backups_and_leaves_the_original_byte_identical ... ok

test result: ok. 11 passed; 0 failed; 0 ignored; 0 measured; 0 filtered out; finished in 0.92s

     Running tests/future_store.rs (/workspace/scratch/c8272833f682/review-build-reducer-portable/x86_64-unknown-linux-gnu/debug/deps/future_store-00a25c058834e070)

running 18 tests
test a_garbage_wal_beside_a_future_store_is_refused_without_writing ... ok
test a_supported_store_with_rows_only_in_a_wal_without_shm_opens_and_keeps_them ... ok
test an_inspection_copy_that_cannot_be_made_fails_without_writing ... ok
test a_plain_read_only_open_creates_a_shm_beside_a_wal_without_one ... ok
test a_garbage_shm_beside_a_future_wal_is_refused_without_writing ... ok
test an_unreadable_wal_fails_without_writing ... ok
test an_unreadable_main_file_fails_without_writing ... ok
test future_schema_behind_a_hot_journal_is_refused_after_only_the_rollback ... ok
test preflight_child ... ok
test future_schema_rollback_store_is_refused_without_writing ... ok
test newer_reducer_checkpoint_rollback_store_is_refused_without_writing ... ok
test newer_reducer_checkpoint_only_in_the_wal_is_refused_without_writing ... ok
test future_schema_only_in_a_wal_without_shm_is_seen_and_refused_without_writing ... ok
test future_schema_only_in_the_wal_is_seen_and_refused_without_writing ... ok
test future_schema_clean_wal_store_is_refused_without_creating_sidecars ... ok
test newer_reducer_checkpoint_only_in_a_wal_without_shm_is_refused_without_writing ... ok
test the_inspection_copy_is_removed_after_a_refusal ... ok
test supported_stores_still_open_after_the_preflight ... ok

test result: ok. 18 passed; 0 failed; 0 ignored; 0 measured; 0 filtered out; finished in 0.83s

     Running tests/identity.rs (/workspace/scratch/c8272833f682/review-build-reducer-portable/x86_64-unknown-linux-gnu/debug/deps/identity-15d0e492939b2a02)

running 13 tests
test a_changed_wait_clears_its_category_and_background_jobs_map_to_job_blocked ... ok
test entering_waiting_raises_a_session_wait_and_leaving_it_clears ... ok
test a_reused_tty_path_does_not_resurrect_an_invalidated_binding ... ok
test a_delayed_old_end_closes_only_its_own_activation_across_a_to_b_to_a ... ok
test one_session_with_two_live_attachments_keeps_both_bindings ... ok
test inventory_facts_carry_the_pass_point_and_kernel_facts_do_not ... ok
test route_results_are_journaled_with_their_evidence ... ok
test absence_from_the_inventory_is_never_a_clear ... ok
test rows_stored_before_wait_mapping_are_observed_once ... ok
test the_m1_schema_keeps_the_frozen_engine_and_m0a_fixture ... ok
test sessions_leaving_the_inventory_persist_as_stale ... ok
test same_pid_with_a_new_birth_cannot_inherit_the_old_binding ... ok
test three_same_cwd_sessions_are_three_sessions_with_independent_bindings ... ok

test result: ok. 13 passed; 0 failed; 0 ignored; 0 measured; 0 filtered out; finished in 0.51s

     Running tests/journal.rs (/workspace/scratch/c8272833f682/review-build-reducer-portable/x86_64-unknown-linux-gnu/debug/deps/journal-1830be608219671c)

running 8 tests
test linked_engine_is_exactly_the_frozen_candidate ... ok
test only_one_writer_can_hold_the_store ... ok
test patch_carries_full_upserts_for_changed_entities ... ok
test open_applies_wal_full_foreign_keys_and_seeds_one_fixture ... ok
test qualification_attention_has_outbox_intent_in_the_same_commit ... ok
test receipts_are_commit_only_and_idempotent ... ok
test newer_schema_is_refused ... ok
test close_and_reopen_recovers_the_same_stored_fixture ... ok

test result: ok. 8 passed; 0 failed; 0 ignored; 0 measured; 0 filtered out; finished in 0.25s

     Running tests/m0c_views.rs (/workspace/scratch/c8272833f682/review-build-reducer-portable/x86_64-unknown-linux-gnu/debug/deps/m0c_views-0fcf62b67d7b4d0d)

running 6 tests
test mark_handled_is_idempotent_reasoned_and_conflict_checked ... ok
test attention_can_be_raised_on_an_existing_session ... ok
test observation_preference_and_maintenance_phase_survive_reopen ... ok
test synthetic_changes_update_one_session_per_slot ... ok
test small_store_gets_a_complete_view ... ok
test oversized_store_gets_a_bounded_view_and_pages_cover_every_row_once ... ok

test result: ok. 6 passed; 0 failed; 0 ignored; 0 measured; 0 filtered out; finished in 1.92s

     Running tests/observer_ownership.rs (/workspace/scratch/c8272833f682/review-build-reducer-portable/x86_64-unknown-linux-gnu/debug/deps/observer_ownership-1c8554572ca84715)

running 33 tests
test f1b_qualified_native_identity_does_not_borrow_host_read_authority ... ok
test f1b_upgrade_refuses_missing_canonical_outcome_evidence ... ok
test f1b_semantic_oracle_distinguishes_authority_bearing_evidence ... ok
test modbatch::tests::a_bad_record_is_not_accepted_and_the_rest_proceed ... ok
test modbatch::tests::a_committed_batch_has_one_result_per_record ... ok
test modbatch::tests::a_duplicate_uuid_in_one_batch_has_one_result ... ok
test modbatch::tests::a_full_batch_receipt_fits_its_bound ... ok
test f1b_a_token_in_an_intercepted_return_without_native_evidence_stays_pending ... ok
test modbatch::tests::dropped_records_are_recorded_once_under_a_stable_id_and_never_answered ... ok
test modbatch::tests::envelopes_keep_the_frozen_session_and_name_their_submission ... ok
test modbatch::tests::past_the_budget_nothing_is_claimed ... ok
test modbatch::tests::without_a_companion_records_are_spooled_and_without_a_spool_not_accepted ... ok
test observer::tests::a_bootstrap_after_the_engine_identity_keeps_it ... ok
test observer::tests::a_host_read_identity_marks_its_outcome_for_corroboration ... ok
test observer::tests::a_reload_bootstrap_follows_its_predecessor_load ... ok
test observer::tests::a_settled_engine_completion_is_a_native_outcome ... ok
test observer::tests::an_unqualified_build_yields_only_an_unqualified_link ... ok
test observer::tests::delayed_result_keeps_entry_session ... ok
test observer::tests::forged_spawn_creates_no_actor ... ok
test observer::tests::nonengine_turn_complete_creates_no_outcome ... ok
test observer::tests::only_allowlisted_payload_is_retained ... ok
test observer::tests::session_end_disconnects_except_for_logical_changes ... ok
test observer::tests::submissions_record_origin_acceptance_and_drops ... ok
test observer::tests::tools_are_activity_and_attachments_are_not_executions ... ok
test profiles::tests::only_qualified_builds_have_a_profile ... ok
test profiles::tests::the_version_comes_from_the_versions_directory_layout ... ok
test modbatch::tests::partial_commit_then_retry_is_idempotent ... ok
test f1b_genuine_reducer3_upgrade_preserves_owner_receipts_and_converges_at_three_checkpoints ... ok
test f1b_stale_a_p_attachment_cannot_restore_when_the_process_now_owns_b ... ok
test f1b_a_b_a_fresh_interval_never_revives_preseal_or_original_generation_outcomes ... ok
test f1b_wrong_incarnation_executable_epoch_generation_and_token_are_not_proofs ... ok
test f1b_unchanged_id_new_turn_proof_seal_start_and_outcome_converge_in_every_delivery_order ... ok
test f1a_actual_typescript_records_keep_original_session_through_adapter_sqlite_and_restart ... ok

test result: ok. 33 passed; 0 failed; 0 ignored; 0 measured; 0 filtered out; finished in 3.17s

     Running tests/qualification_latency.rs (/workspace/scratch/c8272833f682/review-build-reducer-portable/x86_64-unknown-linux-gnu/debug/deps/qualification_latency-7c9177df9825698e)

running 2 tests
test helper_measurements::tests::metadata_validation_refuses_wall_clocks_bad_ids_future_capture_and_provider_content ... ok
test actual_sqlite_admission_is_committed_before_its_timing_receipt_is_returned ... ok

test result: ok. 2 passed; 0 failed; 0 ignored; 0 measured; 0 filtered out; finished in 0.05s

     Running unittests src/lib.rs (/workspace/scratch/c8272833f682/review-build-reducer-portable/x86_64-unknown-linux-gnu/debug/deps/threadspace_state_engine-138d37b1fffa3d60)

running 5 tests
test causal::tests::same_domain_orders_numerically_not_lexically ... ok
test causal::tests::native_predecessor_relations_cross_domains ... ok
test causal::tests::other_epochs_and_domains_are_incomparable ... ok
test ids::tests::seeded_allocation_is_reproducible_version_4 ... ok
test ids::tests::derived_ids_are_stable_version_8 ... ok

test result: ok. 5 passed; 0 failed; 0 ignored; 0 measured; 0 filtered out; finished in 0.00s

     Running tests/purity.rs (/workspace/scratch/c8272833f682/review-build-reducer-portable/x86_64-unknown-linux-gnu/debug/deps/purity-83919ed023f36844)

running 2 tests
test only_the_admission_allocator_draws_randomness ... ok
test reducer_modules_read_no_ambient_state ... ok

test result: ok. 2 passed; 0 failed; 0 ignored; 0 measured; 0 filtered out; finished in 0.01s

   Doc-tests threadspace_contracts

running 0 tests

test result: ok. 0 passed; 0 failed; 0 ignored; 0 measured; 0 filtered out; finished in 0.00s

   Doc-tests threadspace_journal

running 0 tests

test result: ok. 0 passed; 0 failed; 0 ignored; 0 measured; 0 filtered out; finished in 0.00s

   Doc-tests threadspace_state_engine

running 0 tests

test result: ok. 0 passed; 0 failed; 0 ignored; 0 measured; 0 filtered out; finished in 0.00s

