TAP version 13
# Subtest: unverifiable watchdog handles preserve only the original Session-end drain
not ok 1 - unverifiable watchdog handles preserve only the original Session-end drain
  ---
  duration_ms: 15.882839
  type: 'test'
  location: '<disposable>/provider-mod/tests/latency.node.mjs:359:1'
  failureType: 'testCodeFailure'
  error: |-
    undefined: unverifiable watchdog must never start census
    
    3 !== 0
    
  code: 'ERR_ASSERTION'
  name: 'AssertionError'
  expected: 0
  actual: 3
  operator: 'strictEqual'
  stack: |-
    TestContext.<anonymous> (file://<disposable>/provider-mod/tests/latency.node.mjs:385:12)
    async Test.run (node:internal/test_runner/test:1409:7)
    async startSubtestAfterBootstrap (node:internal/test_runner/harness:387:3)
  ...
1..1
# tests 1
# suites 0
# pass 0
# fail 1
# cancelled 0
# skipped 0
# todo 0
# duration_ms 202.529026
