   Compiling threadspace-journal v0.1.0 (~/Documents/Tools/Threadspace/crates/journal)
    Finished `test` profile [unoptimized + debuginfo] target(s) in 2.57s
     Running unittests src/lib.rs (target/aarch64-apple-darwin/debug/deps/threadspace_journal-6314950386f39228)

running 2 tests
test latency::tests::commit_bracket_is_monotonic_and_explicit ... ok
test latency::tests::commit_end_follows_actual_sqlite_commit_hook_not_writer_receipt ... ok

test result: ok. 2 passed; 0 failed; 0 ignored; 0 measured; 2 filtered out; finished in 0.04s

     Running tests/durability.rs (target/aarch64-apple-darwin/debug/deps/durability-74183e728766ee5a)

running 0 tests

test result: ok. 0 passed; 0 failed; 0 ignored; 0 measured; 11 filtered out; finished in 0.00s

     Running tests/future_store.rs (target/aarch64-apple-darwin/debug/deps/future_store-454c17651497c48c)

running 0 tests

test result: ok. 0 passed; 0 failed; 0 ignored; 0 measured; 18 filtered out; finished in 0.00s

     Running tests/identity.rs (target/aarch64-apple-darwin/debug/deps/identity-100bcc50d6a78e5c)

running 0 tests

test result: ok. 0 passed; 0 failed; 0 ignored; 0 measured; 13 filtered out; finished in 0.00s

     Running tests/journal.rs (target/aarch64-apple-darwin/debug/deps/journal-c0fc2deddfb11b92)

running 0 tests

test result: ok. 0 passed; 0 failed; 0 ignored; 0 measured; 8 filtered out; finished in 0.00s

     Running tests/m0c_views.rs (target/aarch64-apple-darwin/debug/deps/m0c_views-2b1d914159ffb647)

running 0 tests

test result: ok. 0 passed; 0 failed; 0 ignored; 0 measured; 6 filtered out; finished in 0.00s

     Running tests/observer_ownership.rs (target/aarch64-apple-darwin/debug/deps/observer_ownership-0be6c37ad616ecc5)

running 0 tests

test result: ok. 0 passed; 0 failed; 0 ignored; 0 measured; 37 filtered out; finished in 0.00s

     Running tests/qualification_latency.rs (target/aarch64-apple-darwin/debug/deps/qualification_latency-d8345379ceaad747)

running 0 tests

test result: ok. 0 passed; 0 failed; 0 ignored; 0 measured; 17 filtered out; finished in 0.00s

