   Compiling threadspace-contracts v0.1.0 (~/Documents/Tools/Threadspace/crates/contracts)
   Compiling threadspace-state-engine v0.1.0 (~/Documents/Tools/Threadspace/crates/state-engine)
   Compiling threadspace-journal v0.1.0 (~/Documents/Tools/Threadspace/crates/journal)
    Finished `test` profile [unoptimized + debuginfo] target(s) in 7.13s
     Running tests/observer_ownership.rs (target/aarch64-apple-darwin/debug/deps/observer_ownership-0be6c37ad616ecc5)

running 36 tests
test modbatch::tests::a_bad_record_is_not_accepted_and_the_rest_proceed ... ok
test modbatch::tests::dropped_records_are_recorded_once_under_a_stable_id_and_never_answered ... ok
test modbatch::tests::a_duplicate_uuid_in_one_batch_has_one_result ... ok
test modbatch::tests::a_committed_batch_has_one_result_per_record ... ok
test modbatch::tests::envelopes_keep_the_frozen_session_and_name_their_submission ... ok
test modbatch::tests::past_the_budget_nothing_is_claimed ... ok
test observer::tests::a_host_read_identity_marks_its_outcome_for_corroboration ... ok
test observer::tests::a_bootstrap_after_the_engine_identity_keeps_it ... ok
test observer::tests::a_reload_bootstrap_follows_its_predecessor_load ... ok
test modbatch::tests::without_a_companion_records_are_spooled_and_without_a_spool_not_accepted ... ok
test observer::tests::a_settled_engine_completion_is_a_native_outcome ... ok
test observer::tests::delayed_result_keeps_entry_session ... ok
test observer::tests::an_unqualified_build_yields_only_an_unqualified_link ... ok
test observer::tests::forged_spawn_creates_no_actor ... ok
test observer::tests::nonengine_turn_complete_creates_no_outcome ... ok
test observer::tests::only_allowlisted_payload_is_retained ... ok
test observer::tests::session_end_disconnects_except_for_logical_changes ... ok
test profiles::tests::only_qualified_builds_have_a_profile ... ok
test observer::tests::submissions_record_origin_acceptance_and_drops ... ok
test profiles::tests::the_version_comes_from_the_versions_directory_layout ... ok
test observer::tests::tools_are_activity_and_attachments_are_not_executions ... ok
test modbatch::tests::partial_commit_then_retry_is_idempotent ... ok
test modbatch::tests::a_full_batch_receipt_fits_its_bound ... ok
test f1b_upgrade_refuses_missing_canonical_outcome_evidence ... ok
test f1b_native_only_genuine_reducer3_prefix_still_records_the_version_transition ... ok
test f1b_a_token_in_an_intercepted_return_without_native_evidence_stays_pending ... ok
test f1b_semantic_oracle_distinguishes_authority_bearing_evidence ... ok
test f1b_genuine_reducer3_upgrade_preserves_owner_receipts_and_converges_at_three_checkpoints ... ok
test f1b_qualified_native_identity_does_not_borrow_host_read_authority ... ok
test f1b_unrecognized_journal_header_versions_refuse_recovery ... ok
test f1b_stale_a_p_attachment_cannot_restore_when_the_process_now_owns_b ... ok
test f1b_a_b_a_fresh_interval_never_revives_preseal_or_original_generation_outcomes ... ok
test f1b_metadata_only_admissions_cannot_move_an_already_committed_upgrade_boundary ... ok
test f1b_wrong_incarnation_executable_epoch_generation_and_token_are_not_proofs ... ok
test f1b_unchanged_id_new_turn_proof_seal_start_and_outcome_converge_in_every_delivery_order ... ok
test f1a_actual_typescript_records_keep_original_session_through_adapter_sqlite_and_restart ... ok

test result: ok. 36 passed; 0 failed; 0 ignored; 0 measured; 0 filtered out; finished in 1.73s

